BEFORE:
Fake Database.
All Customers {

    Customer {
        externalId='12345'
        masterExternalId='null'
        companyNumber='32423-342'
        internalId='45435'
        name='null'
        customerType=COMPANY
        preferredStore='null'
        address='null'
        shoppingLists=[]
    }

}
All Shopping Lists
[]
SYNCING THIS:
ExternalCustomer {
    externalId='12345'
    companyNumber='null'
    name='Joe Bloggs'
    preferredStore='Nordstan'
    address='123 main st, SE-123 45 Stockholm'
    shoppingLists=[[lipstick, foundation]]
}
AFTER:
Fake Database.
All Customers {

    Customer {
        externalId='12345'
        masterExternalId='null'
        companyNumber='32423-342'
        internalId='45435'
        name='null'
        customerType=COMPANY
        preferredStore='null'
        address='null'
        shoppingLists=[]
    }

}
All Shopping Lists
[]